{
    "Should run without failures and with correct outputs": {
        "content": [
            {
                "0": [
                    "UPPER-greetings.csv:md5,f36624b0e040fa880e61fb1304b4b6b9"
                ]
            }
        ],
        "meta": {
            "nf-test": "0.9.2",
            "nextflow": "24.10.5"
        },
        "timestamp": "2025-06-02T22:49:00.099117"
    },
    "Should run without failures": {
        "content": [
            {
                "0": [
                    "UPPER-greetings.csv:md5,f36624b0e040fa880e61fb1304b4b6b9"
                ]
            }
        ],
        "meta": {
            "nf-test": "0.9.2",
            "nextflow": "24.10.5"
        },
        "timestamp": "2025-06-02T22:45:21.376548"
    }
}