Process `sayHello` declares 1 input channel but 0 were specified

 -- Check script '/Users/joostgroot/Work_local/NextFlow/nextflow_projects/test_training/training/side-quests/nf-test/.nf-test-735fdb94d333614945321208db7bc2b4.nf' at line: 38 or see '/Users/joostgroot/Work_local/NextFlow/nextflow_projects/test_training/training/side-quests/nf-test/.nf-test/tests/735fdb94d333614945321208db7bc2b4/meta/nextflow.log' file for more details
